[cosine_probe_v2] Running base probe …
================================================================
  Cosine Probe  —  Confidence vs Cosine Similarity ROC
  model_id         : znkaz53c
  embedding_source : live (auto-fallback enabled)
  prototype_modes  : mean  AND  kmeans (n_proto=8)
================================================================

[1/7] Resolving train embeddings …
[cosine_probe] Live extracted embeddings  hcc=(972, 128)  hem=(886, 128)

[1b/7] Building prototype banks (mean + kmeans) …
  [bank/mean]  hcc=(1, 128)  hem=(1, 128)
  [bank/kmeans]  hcc=(8, 128)  hem=(8, 128)

[2/7] Extracting scores (single pass per split) …
  Val  n=530  class_dist=[253, 277]
  Test  n=268  class_dist=[128, 140]

[3/7] Determining cutoffs from Val (youden) …
  ROC-A (Confidence)                      cutoff = 0.0026
  ROC-B (HCC Cosine / mean)               cutoff = 0.0369
  ROC-C (ΔScore / mean)                   cutoff = -0.8665
  ROC-B (HCC Cosine / kmeans)             cutoff = 0.1082
  ROC-C (ΔScore / kmeans)                 cutoff = -0.7941

[4/7] Computing metrics …
  ── Val ──
  ROC-A (Confidence)                      AUROC=1.000  Sens=1.000  Spec=0.996  F1=0.998
  ROC-B (HCC Cosine / mean)               AUROC=1.000  Sens=1.000  Spec=0.996  F1=0.998
  ROC-C (ΔScore / mean)                   AUROC=1.000  Sens=1.000  Spec=0.996  F1=0.998
  ROC-B (HCC Cosine / kmeans)             AUROC=1.000  Sens=1.000  Spec=0.996  F1=0.998
  ROC-C (ΔScore / kmeans)                 AUROC=1.000  Sens=1.000  Spec=0.996  F1=0.998
  ── Test ──
  ROC-A (Confidence)                      AUROC=1.000  Sens=1.000  Spec=0.984  F1=0.993
  ROC-B (HCC Cosine / mean)               AUROC=1.000  Sens=1.000  Spec=0.984  F1=0.993
  ROC-C (ΔScore / mean)                   AUROC=1.000  Sens=1.000  Spec=0.984  F1=0.993
  ROC-B (HCC Cosine / kmeans)             AUROC=1.000  Sens=1.000  Spec=0.984  F1=0.993
  ROC-C (ΔScore / kmeans)                 AUROC=1.000  Sens=1.000  Spec=0.984  F1=0.993

[5/7] DeLong test (A vs B/C, mean and kmeans) …
  A vs B-mean                     z=+0.000  p=1.0000  ΔAUROC=+0.0000
  A vs C-mean                     z=+0.000  p=1.0000  ΔAUROC=+0.0000
  A vs B-kmeans                   z=+0.000  p=1.0000  ΔAUROC=+0.0000
  A vs C-kmeans                   z=+0.000  p=1.0000  ΔAUROC=+0.0000
  B-mean vs B-kmeans              z=+0.000  p=1.0000  ΔAUROC=+0.0000
  C-mean vs C-kmeans              z=+0.000  p=1.0000  ΔAUROC=+0.0000

[6/7] Generating plots …
[cosine_probe] Triple ROC (Val) saved → /kaggle/working/vicreg_conv_hybrid/output/cosine_probe/znkaz53c/triple_roc_val.png
[cosine_probe] Distribution (Val) saved → /kaggle/working/vicreg_conv_hybrid/output/cosine_probe/znkaz53c/cosine_dist_val.png
[cosine_probe] Triple ROC (Test) saved → /kaggle/working/vicreg_conv_hybrid/output/cosine_probe/znkaz53c/triple_roc_test.png
[cosine_probe] Distribution (Test) saved → /kaggle/working/vicreg_conv_hybrid/output/cosine_probe/znkaz53c/cosine_dist_test.png

[7/7] t-SNE visualisation …
[cosine_probe] Running t-SNE …
/usr/local/lib/python3.12/dist-packages/sklearn/manifold/_t_sne.py:1164: FutureWarning:

'n_iter' was renamed to 'max_iter' in version 1.5 and will be removed in 1.7.
[cosine_probe] t-SNE saved → /kaggle/working/vicreg_conv_hybrid/output/cosine_probe/znkaz53c/tsne.png
[cosine_probe] WandB logged under prefix: cosine_probe_supcon/

[cosine_probe] Done.
  Outputs → /kaggle/working/vicreg_conv_hybrid/output/cosine_probe/znkaz53c

[v2-1/5] Test-set DeLong …
  [test] A vs B-mean                     z=+0.000  p=1.0000  ΔAUROC=+0.0000
  [test] A vs C-mean                     z=+0.000  p=1.0000  ΔAUROC=+0.0000
  [test] A vs B-kmeans                   z=+0.000  p=1.0000  ΔAUROC=+0.0000
  [test] A vs C-kmeans                   z=+0.000  p=1.0000  ΔAUROC=+0.0000
  [test] B-mean vs B-kmeans              z=+0.000  p=1.0000  ΔAUROC=+0.0000
  [test] C-mean vs C-kmeans              z=+0.000  p=1.0000  ΔAUROC=+0.0000

[v2-2/5] Calibration analysis …
[cosine_probe] Reliability diagram (Val) → /kaggle/working/vicreg_conv_hybrid/output/cosine_probe/znkaz53c/reliability_val.png
[cosine_probe] Reliability diagram (Test) → /kaggle/working/vicreg_conv_hybrid/output/cosine_probe/znkaz53c/reliability_test.png

[v2-3/5] Scatter plots …
[cosine_probe] Conf-vs-cosine scatter (Val) → /kaggle/working/vicreg_conv_hybrid/output/cosine_probe/znkaz53c/scatter_val.png
[cosine_probe] Conf-vs-cosine scatter (Test) → /kaggle/working/vicreg_conv_hybrid/output/cosine_probe/znkaz53c/scatter_test.png

[v2-4/5] Confusion matrices …
[cosine_probe] Confusion matrix [ROC-A (Confidence)] (Val) → /kaggle/working/vicreg_conv_hybrid/output/cosine_probe/znkaz53c/cm_val_roc-a_confidence.png
[cosine_probe] Confusion matrix [ROC-B (HCC Cosine / mean)] (Val) → /kaggle/working/vicreg_conv_hybrid/output/cosine_probe/znkaz53c/cm_val_roc-b_hcc_cosine___mean.png
[cosine_probe] Confusion matrix [ROC-C (ΔScore / mean)] (Val) → /kaggle/working/vicreg_conv_hybrid/output/cosine_probe/znkaz53c/cm_val_roc-c_deltascore___mean.png
[cosine_probe] Confusion matrix [ROC-A (Confidence)] (Test) → /kaggle/working/vicreg_conv_hybrid/output/cosine_probe/znkaz53c/cm_test_roc-a_confidence.png
[cosine_probe] Confusion matrix [ROC-B (HCC Cosine / mean)] (Test) → /kaggle/working/vicreg_conv_hybrid/output/cosine_probe/znkaz53c/cm_test_roc-b_hcc_cosine___mean.png
[cosine_probe] Confusion matrix [ROC-C (ΔScore / mean)] (Test) → /kaggle/working/vicreg_conv_hybrid/output/cosine_probe/znkaz53c/cm_test_roc-c_deltascore___mean.png

[v2-5/5] WandB structured logging …
[cosine_probe] Triple ROC (Val) saved → /kaggle/working/vicreg_conv_hybrid/output/cosine_probe/znkaz53c/triple_roc_val.png
[cosine_probe] Distribution (Val) saved → /kaggle/working/vicreg_conv_hybrid/output/cosine_probe/znkaz53c/cosine_dist_val.png
[cosine_probe] Triple ROC (Test) saved → /kaggle/working/vicreg_conv_hybrid/output/cosine_probe/znkaz53c/triple_roc_test.png
[cosine_probe] Distribution (Test) saved → /kaggle/working/vicreg_conv_hybrid/output/cosine_probe/znkaz53c/cosine_dist_test.png
[cosine_probe] Running t-SNE …

/usr/local/lib/python3.12/dist-packages/sklearn/manifold/_t_sne.py:1164: FutureWarning:

'n_iter' was renamed to 'max_iter' in version 1.5 and will be removed in 1.7.
[cosine_probe] t-SNE saved → /kaggle/working/vicreg_conv_hybrid/output/cosine_probe/znkaz53c/tsne.png
[cosine_probe] WandB logged under prefix: cosine_probe_supcon/
[cosine_probe] CSV artifact logged: 9 files

[cosine_probe_v2] Done.
  Outputs → /kaggle/working/vicreg_conv_hybrid/output/cosine_probe/znkaz53c

=== Cosine Probe — Val Metrics ===
                                auroc  sensitivity  specificity       ppv  npv        f1
ROC-A (Confidence)           0.999957          1.0     0.996047  0.996403  1.0  0.998198
ROC-B (HCC Cosine / mean)    0.999957          1.0     0.996047  0.996403  1.0  0.998198
ROC-C (ΔScore / mean)        0.999957          1.0     0.996047  0.996403  1.0  0.998198
ROC-B (HCC Cosine / kmeans)  0.999957          1.0     0.996047  0.996403  1.0  0.998198
ROC-C (ΔScore / kmeans)      0.999957          1.0     0.996047  0.996403  1.0  0.998198

=== DeLong Test Results ===
        comparison  auroc_a  auroc_b  z_stat  p_value
       A vs B-mean 0.999957 0.999957     0.0      1.0
       A vs C-mean 0.999957 0.999957     0.0      1.0
     A vs B-kmeans 0.999957 0.999957     0.0      1.0
     A vs C-kmeans 0.999957 0.999957     0.0      1.0
B-mean vs B-kmeans 0.999957 0.999957     0.0      1.0
C-mean vs C-kmeans 0.999957 0.999957     0.0      1.0
[probe] WandB cutoff table logged.
