[cosine_probe_v2] Running base probe …
================================================================
  Cosine Probe  —  Confidence vs Cosine Similarity ROC
  model_id         : zqe3125v
  embedding_source : saved (auto-fallback enabled)
  prototype_modes  : mean  AND  kmeans (n_proto=4)
================================================================

[1/7] Resolving train embeddings …
[cosine_probe] Loaded saved embeddings from /kaggle/working/nnclr_conv_hybrid/output/extval/zqe3125v/groupA
  hcc_emb : (417, 128)  hem_emb : (381, 128)

[1b/7] Building prototype banks (mean + kmeans) …
  [bank/mean]  hcc=(1, 128)  hem=(1, 128)
  [bank/kmeans]  hcc=(4, 128)  hem=(4, 128)

[2/7] Extracting scores (single pass per split) …
  Val  n=530  class_dist=[253, 277]
  Test  n=268  class_dist=[128, 140]

[3/7] Determining cutoffs from Val (youden) …
  ROC-A (Confidence)                      cutoff = 0.0038
  ROC-B (HCC Cosine / mean)               cutoff = 0.6768
  ROC-C (ΔScore / mean)                   cutoff = -0.0016
  ROC-B (HCC Cosine / kmeans)             cutoff = 0.6869
  ROC-C (ΔScore / kmeans)                 cutoff = -0.0201

[4/7] Computing metrics …
  ── Val ──
  ROC-A (Confidence)                      AUROC=0.999  Sens=0.982  Spec=0.984  F1=0.984
  ROC-B (HCC Cosine / mean)               AUROC=0.890  Sens=0.895  Spec=0.759  F1=0.846
  ROC-C (ΔScore / mean)                   AUROC=0.991  Sens=0.960  Spec=0.984  F1=0.973
  ROC-B (HCC Cosine / kmeans)             AUROC=0.963  Sens=0.953  Spec=0.881  F1=0.925
  ROC-C (ΔScore / kmeans)                 AUROC=0.997  Sens=0.964  Spec=0.992  F1=0.978
  ── Test ──
  ROC-A (Confidence)                      AUROC=1.000  Sens=1.000  Spec=0.992  F1=0.996
  ROC-B (HCC Cosine / mean)               AUROC=0.893  Sens=0.864  Spec=0.758  F1=0.829
  ROC-C (ΔScore / mean)                   AUROC=1.000  Sens=0.979  Spec=0.992  F1=0.986
  ROC-B (HCC Cosine / kmeans)             AUROC=0.976  Sens=0.921  Spec=0.898  F1=0.915
  ROC-C (ΔScore / kmeans)                 AUROC=1.000  Sens=0.986  Spec=0.992  F1=0.989

[5/7] DeLong test (A vs B/C, mean and kmeans) …
  A vs B-mean                     z=+7.783  p=0.0000  ΔAUROC=+0.1090
  A vs C-mean                     z=+1.951  p=0.0511  ΔAUROC=+0.0073
  A vs B-kmeans                   z=+4.440  p=0.0000  ΔAUROC=+0.0360
  A vs C-kmeans                   z=+0.771  p=0.4406  ΔAUROC=+0.0012
  B-mean vs B-kmeans              z=-4.520  p=0.0000  ΔAUROC=-0.0730
  C-mean vs C-kmeans              z=-1.562  p=0.1183  ΔAUROC=-0.0061

[6/7] Generating plots …
[cosine_probe] Triple ROC (Val) saved → /kaggle/working/nnclr_conv_hybrid/output/cosine_probe/zqe3125v/triple_roc_val.png
[cosine_probe] Distribution (Val) saved → /kaggle/working/nnclr_conv_hybrid/output/cosine_probe/zqe3125v/cosine_dist_val.png
[cosine_probe] Triple ROC (Test) saved → /kaggle/working/nnclr_conv_hybrid/output/cosine_probe/zqe3125v/triple_roc_test.png
[cosine_probe] Distribution (Test) saved → /kaggle/working/nnclr_conv_hybrid/output/cosine_probe/zqe3125v/cosine_dist_test.png

[7/7] t-SNE visualisation …
[cosine_probe] Running t-SNE …
/usr/local/lib/python3.12/dist-packages/sklearn/manifold/_t_sne.py:1164: FutureWarning:

'n_iter' was renamed to 'max_iter' in version 1.5 and will be removed in 1.7.
[cosine_probe] t-SNE saved → /kaggle/working/nnclr_conv_hybrid/output/cosine_probe/zqe3125v/tsne.png
[cosine_probe] WandB logged under prefix: cosine_probe/

[cosine_probe] Done.
  Outputs → /kaggle/working/nnclr_conv_hybrid/output/cosine_probe/zqe3125v

[v2-1/5] Test-set DeLong …
  [test] A vs B-mean                     z=+5.696  p=0.0000  ΔAUROC=+0.1070
  [test] A vs C-mean                     z=+1.215  p=0.2244  ΔAUROC=+0.0004
  [test] A vs B-kmeans                   z=+3.013  p=0.0026  ΔAUROC=+0.0237
  [test] A vs C-kmeans                   z=+0.817  p=0.4137  ΔAUROC=+0.0001
  [test] B-mean vs B-kmeans              z=-4.090  p=0.0000  ΔAUROC=-0.0833
  [test] C-mean vs C-kmeans              z=-0.854  p=0.3931  ΔAUROC=-0.0003

[v2-2/5] Calibration analysis …
[cosine_probe] Reliability diagram (Val) → /kaggle/working/nnclr_conv_hybrid/output/cosine_probe/zqe3125v/reliability_val.png
[cosine_probe] Reliability diagram (Test) → /kaggle/working/nnclr_conv_hybrid/output/cosine_probe/zqe3125v/reliability_test.png

[v2-3/5] Scatter plots …
[cosine_probe] Conf-vs-cosine scatter (Val) → /kaggle/working/nnclr_conv_hybrid/output/cosine_probe/zqe3125v/scatter_val.png
[cosine_probe] Conf-vs-cosine scatter (Test) → /kaggle/working/nnclr_conv_hybrid/output/cosine_probe/zqe3125v/scatter_test.png

[v2-4/5] Confusion matrices …
[cosine_probe] Confusion matrix [ROC-A (Confidence)] (Val) → /kaggle/working/nnclr_conv_hybrid/output/cosine_probe/zqe3125v/cm_val_roc-a_confidence.png
[cosine_probe] Confusion matrix [ROC-B (HCC Cosine / mean)] (Val) → /kaggle/working/nnclr_conv_hybrid/output/cosine_probe/zqe3125v/cm_val_roc-b_hcc_cosine___mean.png
[cosine_probe] Confusion matrix [ROC-C (ΔScore / mean)] (Val) → /kaggle/working/nnclr_conv_hybrid/output/cosine_probe/zqe3125v/cm_val_roc-c_deltascore___mean.png
[cosine_probe] Confusion matrix [ROC-A (Confidence)] (Test) → /kaggle/working/nnclr_conv_hybrid/output/cosine_probe/zqe3125v/cm_test_roc-a_confidence.png
[cosine_probe] Confusion matrix [ROC-B (HCC Cosine / mean)] (Test) → /kaggle/working/nnclr_conv_hybrid/output/cosine_probe/zqe3125v/cm_test_roc-b_hcc_cosine___mean.png
[cosine_probe] Confusion matrix [ROC-C (ΔScore / mean)] (Test) → /kaggle/working/nnclr_conv_hybrid/output/cosine_probe/zqe3125v/cm_test_roc-c_deltascore___mean.png

[v2-5/5] WandB structured logging …
[cosine_probe] Triple ROC (Val) saved → /kaggle/working/nnclr_conv_hybrid/output/cosine_probe/zqe3125v/triple_roc_val.png
[cosine_probe] Distribution (Val) saved → /kaggle/working/nnclr_conv_hybrid/output/cosine_probe/zqe3125v/cosine_dist_val.png
[cosine_probe] Triple ROC (Test) saved → /kaggle/working/nnclr_conv_hybrid/output/cosine_probe/zqe3125v/triple_roc_test.png
[cosine_probe] Distribution (Test) saved → /kaggle/working/nnclr_conv_hybrid/output/cosine_probe/zqe3125v/cosine_dist_test.png
[cosine_probe] Running t-SNE …

/usr/local/lib/python3.12/dist-packages/sklearn/manifold/_t_sne.py:1164: FutureWarning:

'n_iter' was renamed to 'max_iter' in version 1.5 and will be removed in 1.7.
[cosine_probe_v2] WARNING: t-SNE failed: boolean index did not match indexed array along axis 0; size of axis is 277 but size of corresponding boolean axis is 417  (skipping)
[cosine_probe] WandB logged under prefix: cosine_probe/
[cosine_probe] CSV artifact logged: 9 files

[cosine_probe_v2] Done.
  Outputs → /kaggle/working/nnclr_conv_hybrid/output/cosine_probe/zqe3125v

=== Cosine Probe — Val Metrics ===
                                auroc  sensitivity  specificity       ppv       npv        f1
ROC-A (Confidence)           0.998602     0.981949     0.984190  0.985507  0.980315  0.983725
ROC-B (HCC Cosine / mean)    0.889642     0.895307     0.758893  0.802589  0.868778  0.846416
ROC-C (ΔScore / mean)        0.991310     0.960289     0.984190  0.985185  0.957692  0.972578
ROC-B (HCC Cosine / kmeans)  0.962629     0.953069     0.881423  0.897959  0.944915  0.924694
ROC-C (ΔScore / kmeans)      0.997432     0.963899     0.992095  0.992565  0.961686  0.978022

=== DeLong Test Results ===
        comparison  auroc_a  auroc_b    z_stat      p_value
       A vs B-mean 0.998602 0.889642  7.783156 7.073725e-15
       A vs C-mean 0.998602 0.991310  1.950733 5.108879e-02
     A vs B-kmeans 0.998602 0.962629  4.440123 8.990737e-06
     A vs C-kmeans 0.998602 0.997432  0.771194 4.405918e-01
B-mean vs B-kmeans 0.889642 0.962629 -4.520310 6.174901e-06
C-mean vs C-kmeans 0.991310 0.997432 -1.561937 1.183029e-01

[34m[1mwandb[0m: [33mWARNING[0m Artifact "run-dtf3729c-cosine_probetableval_metrics-985aBQ" already exists with the same content. No new version will be created.
