[cosine_probe_v2] Running base probe …
================================================================
  Cosine Probe  —  Confidence vs Cosine Similarity ROC
  model_id         : 7p28wnk2
  embedding_source : saved (auto-fallback enabled)
  prototype_modes  : mean  AND  kmeans (n_proto=4)
================================================================

[1/7] Resolving train embeddings …
[cosine_probe] Loaded saved embeddings from /kaggle/working/nnclr_conv_hybrid/output/extval/7p28wnk2/groupA
  hcc_emb : (417, 128)  hem_emb : (381, 128)

[1b/7] Building prototype banks (mean + kmeans) …
  [bank/mean]  hcc=(1, 128)  hem=(1, 128)
  [bank/kmeans]  hcc=(4, 128)  hem=(4, 128)

[2/7] Extracting scores (single pass per split) …
  Val  n=530  class_dist=[253, 277]
  Test  n=268  class_dist=[128, 140]

[3/7] Determining cutoffs from Val (youden) …
  ROC-A (Confidence)                      cutoff = 0.0003
  ROC-B (HCC Cosine / mean)               cutoff = 0.9477
  ROC-C (ΔScore / mean)                   cutoff = -0.0002
  ROC-B (HCC Cosine / kmeans)             cutoff = 0.9234
  ROC-C (ΔScore / kmeans)                 cutoff = -0.0227

[4/7] Computing metrics …
  ── Val ──
  ROC-A (Confidence)                      AUROC=0.999  Sens=0.996  Spec=0.992  F1=0.995
  ROC-B (HCC Cosine / mean)               AUROC=0.075  Sens=0.025  Spec=0.996  F1=0.049
  ROC-C (ΔScore / mean)                   AUROC=0.994  Sens=0.986  Spec=0.996  F1=0.991
  ROC-B (HCC Cosine / kmeans)             AUROC=0.123  Sens=0.054  Spec=0.996  F1=0.102
  ROC-C (ΔScore / kmeans)                 AUROC=0.998  Sens=0.993  Spec=0.992  F1=0.993
  ── Test ──
  ROC-A (Confidence)                      AUROC=0.999  Sens=0.986  Spec=0.977  F1=0.982
  ROC-B (HCC Cosine / mean)               AUROC=0.068  Sens=0.036  Spec=0.977  F1=0.068
  ROC-C (ΔScore / mean)                   AUROC=0.989  Sens=0.964  Spec=1.000  F1=0.982
  ROC-B (HCC Cosine / kmeans)             AUROC=0.124  Sens=0.050  Spec=0.977  F1=0.093
  ROC-C (ΔScore / kmeans)                 AUROC=0.998  Sens=0.979  Spec=0.977  F1=0.979

[5/7] DeLong test (A vs B/C, mean and kmeans) …
  A vs B-mean                     z=+61.939  p=0.0000  ΔAUROC=+0.9248
  A vs C-mean                     z=+1.276  p=0.2020  ΔAUROC=+0.0057
  A vs B-kmeans                   z=+46.769  p=0.0000  ΔAUROC=+0.8765
  A vs C-kmeans                   z=+0.848  p=0.3962  ΔAUROC=+0.0014
  B-mean vs B-kmeans              z=-2.015  p=0.0439  ΔAUROC=-0.0483
  C-mean vs C-kmeans              z=-0.900  p=0.3683  ΔAUROC=-0.0042

[6/7] Generating plots …
[cosine_probe] Triple ROC (Val) saved → /kaggle/working/nnclr_conv_hybrid/output/cosine_probe/7p28wnk2/triple_roc_val.png
[cosine_probe] Distribution (Val) saved → /kaggle/working/nnclr_conv_hybrid/output/cosine_probe/7p28wnk2/cosine_dist_val.png
[cosine_probe] Triple ROC (Test) saved → /kaggle/working/nnclr_conv_hybrid/output/cosine_probe/7p28wnk2/triple_roc_test.png
[cosine_probe] Distribution (Test) saved → /kaggle/working/nnclr_conv_hybrid/output/cosine_probe/7p28wnk2/cosine_dist_test.png

[7/7] t-SNE visualisation …
[cosine_probe] Running t-SNE …
/usr/local/lib/python3.12/dist-packages/sklearn/manifold/_t_sne.py:1164: FutureWarning:

'n_iter' was renamed to 'max_iter' in version 1.5 and will be removed in 1.7.
[cosine_probe] t-SNE saved → /kaggle/working/nnclr_conv_hybrid/output/cosine_probe/7p28wnk2/tsne.png
[cosine_probe] WandB logged under prefix: cosine_probe/

[cosine_probe] Done.
  Outputs → /kaggle/working/nnclr_conv_hybrid/output/cosine_probe/7p28wnk2

[v2-1/5] Test-set DeLong …
  [test] A vs B-mean                     z=+45.513  p=0.0000  ΔAUROC=+0.9311
  [test] A vs C-mean                     z=+1.312  p=0.1896  ΔAUROC=+0.0103
  [test] A vs B-kmeans                   z=+33.995  p=0.0000  ΔAUROC=+0.8759
  [test] A vs C-kmeans                   z=+0.892  p=0.3721  ΔAUROC=+0.0011
  [test] B-mean vs B-kmeans              z=-1.678  p=0.0934  ΔAUROC=-0.0552
  [test] C-mean vs C-kmeans              z=-1.167  p=0.2430  ΔAUROC=-0.0093

[v2-2/5] Calibration analysis …
[cosine_probe] Reliability diagram (Val) → /kaggle/working/nnclr_conv_hybrid/output/cosine_probe/7p28wnk2/reliability_val.png
[cosine_probe] Reliability diagram (Test) → /kaggle/working/nnclr_conv_hybrid/output/cosine_probe/7p28wnk2/reliability_test.png

[v2-3/5] Scatter plots …
[cosine_probe] Conf-vs-cosine scatter (Val) → /kaggle/working/nnclr_conv_hybrid/output/cosine_probe/7p28wnk2/scatter_val.png
[cosine_probe] Conf-vs-cosine scatter (Test) → /kaggle/working/nnclr_conv_hybrid/output/cosine_probe/7p28wnk2/scatter_test.png

[v2-4/5] Confusion matrices …
[cosine_probe] Confusion matrix [ROC-A (Confidence)] (Val) → /kaggle/working/nnclr_conv_hybrid/output/cosine_probe/7p28wnk2/cm_val_roc-a_confidence.png
[cosine_probe] Confusion matrix [ROC-B (HCC Cosine / mean)] (Val) → /kaggle/working/nnclr_conv_hybrid/output/cosine_probe/7p28wnk2/cm_val_roc-b_hcc_cosine___mean.png
[cosine_probe] Confusion matrix [ROC-C (ΔScore / mean)] (Val) → /kaggle/working/nnclr_conv_hybrid/output/cosine_probe/7p28wnk2/cm_val_roc-c_deltascore___mean.png
[cosine_probe] Confusion matrix [ROC-A (Confidence)] (Test) → /kaggle/working/nnclr_conv_hybrid/output/cosine_probe/7p28wnk2/cm_test_roc-a_confidence.png
[cosine_probe] Confusion matrix [ROC-B (HCC Cosine / mean)] (Test) → /kaggle/working/nnclr_conv_hybrid/output/cosine_probe/7p28wnk2/cm_test_roc-b_hcc_cosine___mean.png
[cosine_probe] Confusion matrix [ROC-C (ΔScore / mean)] (Test) → /kaggle/working/nnclr_conv_hybrid/output/cosine_probe/7p28wnk2/cm_test_roc-c_deltascore___mean.png

[v2-5/5] WandB structured logging …
[cosine_probe] Triple ROC (Val) saved → /kaggle/working/nnclr_conv_hybrid/output/cosine_probe/7p28wnk2/triple_roc_val.png
[cosine_probe] Distribution (Val) saved → /kaggle/working/nnclr_conv_hybrid/output/cosine_probe/7p28wnk2/cosine_dist_val.png
[cosine_probe] Triple ROC (Test) saved → /kaggle/working/nnclr_conv_hybrid/output/cosine_probe/7p28wnk2/triple_roc_test.png
[cosine_probe] Distribution (Test) saved → /kaggle/working/nnclr_conv_hybrid/output/cosine_probe/7p28wnk2/cosine_dist_test.png
[cosine_probe] Running t-SNE …

/usr/local/lib/python3.12/dist-packages/sklearn/manifold/_t_sne.py:1164: FutureWarning:

'n_iter' was renamed to 'max_iter' in version 1.5 and will be removed in 1.7.
[cosine_probe_v2] WARNING: t-SNE failed: boolean index did not match indexed array along axis 0; size of axis is 277 but size of corresponding boolean axis is 417  (skipping)
[cosine_probe] WandB logged under prefix: cosine_probe/
[cosine_probe] CSV artifact logged: 9 files

[cosine_probe_v2] Done.
  Outputs → /kaggle/working/nnclr_conv_hybrid/output/cosine_probe/7p28wnk2

=== Cosine Probe — Val Metrics ===
                                auroc  sensitivity  specificity       ppv       npv        f1
ROC-A (Confidence)           0.999401     0.996390     0.992095  0.992806  0.996032  0.994595
ROC-B (HCC Cosine / mean)    0.074585     0.025271     0.996047  0.875000  0.482759  0.049123
ROC-C (ΔScore / mean)        0.993736     0.985560     0.996047  0.996350  0.984375  0.990926
ROC-B (HCC Cosine / kmeans)  0.122858     0.054152     0.996047  0.937500  0.490272  0.102389
ROC-C (ΔScore / kmeans)      0.997960     0.992780     0.992095  0.992780  0.992095  0.992780

=== DeLong Test Results ===
        comparison  auroc_a  auroc_b    z_stat  p_value
       A vs B-mean 0.999401 0.074585 61.938635 0.000000
       A vs C-mean 0.999401 0.993736  1.275949 0.201974
     A vs B-kmeans 0.999401 0.122858 46.768570 0.000000
     A vs C-kmeans 0.999401 0.997960  0.848493 0.396164
B-mean vs B-kmeans 0.074585 0.122858 -2.015477 0.043855
C-mean vs C-kmeans 0.993736 0.997960 -0.899672 0.368295
